hpa should match snapshot:
  1: |
    apiVersion: autoscaling/v2
    kind: HorizontalPodAutoscaler
    metadata:
      labels:
        app: vmauth
        app.kubernetes.io/instance: RELEASE-NAME
        app.kubernetes.io/managed-by: Helm
        app.kubernetes.io/name: victoria-metrics-cluster
        extraLabelName: authExtraLabelValue
        helm.sh/chart: victoria-metrics-cluster-0.1.1
      name: RELEASE-NAME-victoria-metrics-cluster-vmauth
      namespace: NAMESPACE
    spec:
      maxReplicas: 10
      metrics: []
      minReplicas: 2
      scaleTargetRef:
        apiVersion: apps/v1
        kind: Deployment
        name: RELEASE-NAME-victoria-metrics-cluster-vmauth
  2: |
    apiVersion: autoscaling/v2
    kind: HorizontalPodAutoscaler
    metadata:
      labels:
        app: vminsert
        app.kubernetes.io/instance: RELEASE-NAME
        app.kubernetes.io/managed-by: Helm
        app.kubernetes.io/name: victoria-metrics-cluster
        extraLabelName: insertExtraLabelValue
        helm.sh/chart: victoria-metrics-cluster-0.1.1
      name: RELEASE-NAME-victoria-metrics-cluster-vminsert
      namespace: NAMESPACE
    spec:
      maxReplicas: 10
      metrics: []
      minReplicas: 2
      scaleTargetRef:
        apiVersion: apps/v1
        kind: Deployment
        name: RELEASE-NAME-victoria-metrics-cluster-vminsert
  3: |
    apiVersion: autoscaling/v2
    kind: HorizontalPodAutoscaler
    metadata:
      labels:
        app: vmselect
        app.kubernetes.io/instance: RELEASE-NAME
        app.kubernetes.io/managed-by: Helm
        app.kubernetes.io/name: victoria-metrics-cluster
        extraLabelName: selectExtraLabelValue
        helm.sh/chart: victoria-metrics-cluster-0.1.1
      name: RELEASE-NAME-victoria-metrics-cluster-vmselect
      namespace: NAMESPACE
    spec:
      maxReplicas: 10
      metrics: []
      minReplicas: 2
      scaleTargetRef:
        apiVersion: apps/v1
        kind: Deployment
        name: RELEASE-NAME-victoria-metrics-cluster-vmselect
  4: |
    apiVersion: autoscaling/v2
    kind: HorizontalPodAutoscaler
    metadata:
      labels:
        app: vmstorage
        app.kubernetes.io/instance: RELEASE-NAME
        app.kubernetes.io/managed-by: Helm
        app.kubernetes.io/name: victoria-metrics-cluster
        extraLabelName: storageExtraLabelValue
        helm.sh/chart: victoria-metrics-cluster-0.1.1
      name: RELEASE-NAME-victoria-metrics-cluster-vmstorage
      namespace: NAMESPACE
    spec:
      behavior:
        scaleDown:
          selectPolicy: Disabled
      maxReplicas: 10
      metrics: []
      minReplicas: 2
      scaleTargetRef:
        apiVersion: apps/v1
        kind: StatefulSet
        name: RELEASE-NAME-victoria-metrics-cluster-vmstorage
hpa should match snapshot with fullnameOverride and extraLabels:
  1: |
    apiVersion: autoscaling/v2
    kind: HorizontalPodAutoscaler
    metadata:
      labels:
        app: auth
        app.kubernetes.io/instance: RELEASE-NAME
        app.kubernetes.io/managed-by: Helm
        app.kubernetes.io/name: victoria-metrics-cluster
        extraLabelName: authExtraLabelValue
        helm.sh/chart: victoria-metrics-cluster-0.1.1
      name: vmauth-node
      namespace: NAMESPACE
    spec:
      maxReplicas: 10
      metrics: []
      minReplicas: 2
      scaleTargetRef:
        apiVersion: apps/v1
        kind: Deployment
        name: vmauth-node
  2: |
    apiVersion: autoscaling/v2
    kind: HorizontalPodAutoscaler
    metadata:
      labels:
        app: insert
        app.kubernetes.io/instance: RELEASE-NAME
        app.kubernetes.io/managed-by: Helm
        app.kubernetes.io/name: victoria-metrics-cluster
        extraLabelName: insertExtraLabelValue
        helm.sh/chart: victoria-metrics-cluster-0.1.1
      name: vminsert-node
      namespace: NAMESPACE
    spec:
      maxReplicas: 10
      metrics: []
      minReplicas: 2
      scaleTargetRef:
        apiVersion: apps/v1
        kind: Deployment
        name: vminsert-node
  3: |
    apiVersion: autoscaling/v2
    kind: HorizontalPodAutoscaler
    metadata:
      labels:
        app: select
        app.kubernetes.io/instance: RELEASE-NAME
        app.kubernetes.io/managed-by: Helm
        app.kubernetes.io/name: victoria-metrics-cluster
        extraLabelName: selectExtraLabelValue
        helm.sh/chart: victoria-metrics-cluster-0.1.1
      name: vmselect-node
      namespace: NAMESPACE
    spec:
      maxReplicas: 10
      metrics: []
      minReplicas: 2
      scaleTargetRef:
        apiVersion: apps/v1
        kind: Deployment
        name: vmselect-node
  4: |
    apiVersion: autoscaling/v2
    kind: HorizontalPodAutoscaler
    metadata:
      labels:
        app: storage
        app.kubernetes.io/instance: RELEASE-NAME
        app.kubernetes.io/managed-by: Helm
        app.kubernetes.io/name: victoria-metrics-cluster
        extraLabelName: storageExtraLabelValue
        helm.sh/chart: victoria-metrics-cluster-0.1.1
      name: vmstorage-node
      namespace: NAMESPACE
    spec:
      behavior:
        scaleDown:
          selectPolicy: Disabled
      maxReplicas: 10
      metrics: []
      minReplicas: 2
      scaleTargetRef:
        apiVersion: apps/v1
        kind: StatefulSet
        name: vmstorage-node
