hpa should match snapshot:
  1: |
    apiVersion: autoscaling/v2
    kind: HorizontalPodAutoscaler
    metadata:
      labels:
        app: vlinsert
        app.kubernetes.io/instance: RELEASE-NAME
        app.kubernetes.io/managed-by: Helm
        app.kubernetes.io/name: victoria-logs-cluster
        app.kubernetes.io/version: 0.1.0-victorialogs
        helm.sh/chart: victoria-logs-cluster-0.1.1
      name: RELEASE-NAME-victoria-logs-cluster-vlinsert
      namespace: NAMESPACE
    spec:
      maxReplicas: 10
      metrics: []
      minReplicas: 2
      scaleTargetRef:
        apiVersion: apps/v1
        kind: Deployment
        name: RELEASE-NAME-victoria-logs-cluster-vlinsert
  2: |
    apiVersion: autoscaling/v2
    kind: HorizontalPodAutoscaler
    metadata:
      labels:
        app: vmauth
        app.kubernetes.io/instance: RELEASE-NAME
        app.kubernetes.io/managed-by: Helm
        app.kubernetes.io/name: victoria-logs-cluster
        app.kubernetes.io/version: v1.116.0
        extraLabelName: authExtraLabelValue
        helm.sh/chart: victoria-logs-cluster-0.1.1
      name: RELEASE-NAME-victoria-logs-cluster-vmauth
      namespace: NAMESPACE
    spec:
      maxReplicas: 10
      metrics: []
      minReplicas: 2
      scaleTargetRef:
        apiVersion: apps/v1
        kind: Deployment
        name: RELEASE-NAME-victoria-logs-cluster-vmauth
hpa should match snapshot with fullnameOverride and extraLabels:
  1: |
    apiVersion: autoscaling/v2
    kind: HorizontalPodAutoscaler
    metadata:
      labels:
        app: vlinsert
        app.kubernetes.io/instance: RELEASE-NAME
        app.kubernetes.io/managed-by: Helm
        app.kubernetes.io/name: victoria-logs-cluster
        app.kubernetes.io/version: 0.1.0-victorialogs
        helm.sh/chart: victoria-logs-cluster-0.1.1
      name: RELEASE-NAME-victoria-logs-cluster-vlinsert
      namespace: NAMESPACE
    spec:
      maxReplicas: 10
      metrics: []
      minReplicas: 2
      scaleTargetRef:
        apiVersion: apps/v1
        kind: Deployment
        name: RELEASE-NAME-victoria-logs-cluster-vlinsert
  2: |
    apiVersion: autoscaling/v2
    kind: HorizontalPodAutoscaler
    metadata:
      labels:
        app: auth
        app.kubernetes.io/instance: RELEASE-NAME
        app.kubernetes.io/managed-by: Helm
        app.kubernetes.io/name: victoria-logs-cluster
        app.kubernetes.io/version: v1.116.0
        extraLabelName: authExtraLabelValue
        helm.sh/chart: victoria-logs-cluster-0.1.1
      name: vmauth-node
      namespace: NAMESPACE
    spec:
      maxReplicas: 10
      metrics: []
      minReplicas: 2
      scaleTargetRef:
        apiVersion: apps/v1
        kind: Deployment
        name: vmauth-node
